---
http_interactions:
- request:
    method: get
    uri: https://horizon-testnet.stellar.org/
    body:
      encoding: US-ASCII
      string: ''
    headers:
      User-Agent:
      - Faraday v0.15.2
      Accept:
      - application/hal+json,application/problem+json,application/json
  response:
    status:
      code: 200
      message: OK
    headers:
      Date:
      - Sun, 02 Sep 2018 04:18:06 GMT
      Content-Type:
      - application/hal+json; charset=utf-8
      Connection:
      - keep-alive
      Set-Cookie:
      - __cfduid=d3e98d2801fde4ca4d8c9799d7b50fc4f1535861886; expires=Mon, 02-Sep-19
        04:18:06 GMT; path=/; domain=.stellar.org; HttpOnly
      Cache-Control:
      - no-cache, no-store, max-age=0
      Content-Disposition:
      - inline
      Vary:
      - Origin
      X-Ratelimit-Limit:
      - '17200'
      X-Ratelimit-Remaining:
      - '17167'
      X-Ratelimit-Reset:
      - '2087'
      Expect-Ct:
      - max-age=604800, report-uri="https://report-uri.cloudflare.com/cdn-cgi/beacon/expect-ct"
      Server:
      - cloudflare
      Cf-Ray:
      - 453d2bb74b5699a3-LAX
    body:
      encoding: ASCII-8BIT
      string: |-
        {
          "_links": {
            "account": {
              "href": "https://horizon-testnet.stellar.org/accounts/{account_id}",
              "templated": true
            },
            "account_transactions": {
              "href": "https://horizon-testnet.stellar.org/accounts/{account_id}/transactions{?cursor,limit,order}",
              "templated": true
            },
            "assets": {
              "href": "https://horizon-testnet.stellar.org/assets{?asset_code,asset_issuer,cursor,limit,order}",
              "templated": true
            },
            "friendbot": {
              "href": "https://horizon-testnet.stellar.org/friendbot{?addr}",
              "templated": true
            },
            "metrics": {
              "href": "https://horizon-testnet.stellar.org/metrics"
            },
            "order_book": {
              "href": "https://horizon-testnet.stellar.org/order_book{?selling_asset_type,selling_asset_code,selling_issuer,buying_asset_type,buying_asset_code,buying_issuer,limit}",
              "templated": true
            },
            "self": {
              "href": "https://horizon-testnet.stellar.org/"
            },
            "transaction": {
              "href": "https://horizon-testnet.stellar.org/transactions/{hash}",
              "templated": true
            },
            "transactions": {
              "href": "https://horizon-testnet.stellar.org/transactions{?cursor,limit,order}",
              "templated": true
            }
          },
          "horizon_version": "0.14.0rc3-5bbd27814a3ffca9aeffcbd75a09a6164959776a",
          "core_version": "stellar-core 10.0.0rc1 (cb61d6b09b0088989c6c3a23d55d97ef5ce1001d)",
          "history_latest_ledger": 10842190,
          "history_elder_ledger": 1,
          "core_latest_ledger": 10842190,
          "network_passphrase": "Test SDF Network ; September 2015",
          "protocol_version": 10
        }
    http_version: 
  recorded_at: Sun, 02 Sep 2018 04:18:06 GMT
- request:
    method: get
    uri: https://horizon-testnet.stellar.org/accounts/[source_address]
    body:
      encoding: US-ASCII
      string: ''
    headers:
      User-Agent:
      - Faraday v0.15.2
      Accept:
      - application/hal+json,application/problem+json,application/json
  response:
    status:
      code: 200
      message: OK
    headers:
      Date:
      - Sun, 02 Sep 2018 04:18:07 GMT
      Content-Type:
      - application/hal+json; charset=utf-8
      Connection:
      - keep-alive
      Set-Cookie:
      - __cfduid=ddff045165927ac196e1557fb5fb587051535861887; expires=Mon, 02-Sep-19
        04:18:07 GMT; path=/; domain=.stellar.org; HttpOnly
      Cache-Control:
      - no-cache, no-store, max-age=0
      Content-Disposition:
      - inline
      Vary:
      - Origin
      X-Ratelimit-Limit:
      - '17200'
      X-Ratelimit-Remaining:
      - '17176'
      X-Ratelimit-Reset:
      - '2088'
      Expect-Ct:
      - max-age=604800, report-uri="https://report-uri.cloudflare.com/cdn-cgi/beacon/expect-ct"
      Server:
      - cloudflare
      Cf-Ray:
      - 453d2bbd2d4f78da-LAX
    body:
      encoding: ASCII-8BIT
      string: |-
        {
          "_links": {
            "self": {
              "href": "https://horizon-testnet.stellar.org/accounts/[source_address]"
            },
            "transactions": {
              "href": "https://horizon-testnet.stellar.org/accounts/[source_address]/transactions{?cursor,limit,order}",
              "templated": true
            },
            "operations": {
              "href": "https://horizon-testnet.stellar.org/accounts/[source_address]/operations{?cursor,limit,order}",
              "templated": true
            },
            "payments": {
              "href": "https://horizon-testnet.stellar.org/accounts/[source_address]/payments{?cursor,limit,order}",
              "templated": true
            },
            "effects": {
              "href": "https://horizon-testnet.stellar.org/accounts/[source_address]/effects{?cursor,limit,order}",
              "templated": true
            },
            "offers": {
              "href": "https://horizon-testnet.stellar.org/accounts/[source_address]/offers{?cursor,limit,order}",
              "templated": true
            },
            "trades": {
              "href": "https://horizon-testnet.stellar.org/accounts/[source_address]/trades{?cursor,limit,order}",
              "templated": true
            },
            "data": {
              "href": "https://horizon-testnet.stellar.org/accounts/[source_address]/data/{key}",
              "templated": true
            }
          },
          "id": "[source_address]",
          "paging_token": "",
          "account_id": "[source_address]",
          "sequence": "38688184934072384",
          "subentry_count": 0,
          "thresholds": {
            "low_threshold": 0,
            "med_threshold": 0,
            "high_threshold": 0
          },
          "flags": {
            "auth_required": false,
            "auth_revocable": false
          },
          "balances": [
            {
              "balance": "8631.9993600",
              "buying_liabilities": "0.0000000",
              "selling_liabilities": "0.0000000",
              "asset_type": "native"
            }
          ],
          "signers": [
            {
              "public_key": "[source_address]",
              "weight": 1,
              "key": "[source_address]",
              "type": "ed25519_public_key"
            }
          ],
          "data": {}
        }
    http_version: 
  recorded_at: Sun, 02 Sep 2018 04:18:08 GMT
- request:
    method: post
    uri: https://horizon-testnet.stellar.org/transactions
    body:
      encoding: UTF-8
      string: tx=AAAAAMBqzCqzrOSD947DRdUVKwA3PBI6kJI9vkU9Qw0yW7EZAAAAZACJcrMAAABBAAAAAAAAAAAAAAABAAAAAAAAAAAAAAAAHzzoSfKWZ7xMYl5M7LVWC530lMNCdekzxNo4LajatTUAAAAAO5rKAAAAAAAAAAABMluxGQAAAED%2FHbc9QOPRh88tBfYiltGd9K77AGFPqzLZFfoa1Rx6eFaCy0r9PhI66CUxB3J7lipsG7PD1bpNYUOKam65KzsJ
    headers:
      User-Agent:
      - Faraday v0.15.2
      Accept:
      - application/hal+json,application/problem+json,application/json
      Content-Type:
      - application/x-www-form-urlencoded
  response:
    status:
      code: 200
      message: OK
    headers:
      Date:
      - Sun, 02 Sep 2018 04:18:10 GMT
      Content-Type:
      - application/hal+json; charset=utf-8
      Connection:
      - keep-alive
      Set-Cookie:
      - __cfduid=dd1836d69c9ceb728cab2ba81c90d39751535861888; expires=Mon, 02-Sep-19
        04:18:08 GMT; path=/; domain=.stellar.org; HttpOnly
      Cache-Control:
      - no-cache, no-store, max-age=0
      Content-Disposition:
      - inline
      Vary:
      - Origin
      X-Ratelimit-Limit:
      - '17200'
      X-Ratelimit-Remaining:
      - '17175'
      X-Ratelimit-Reset:
      - '2087'
      Expect-Ct:
      - max-age=604800, report-uri="https://report-uri.cloudflare.com/cdn-cgi/beacon/expect-ct"
      Server:
      - cloudflare
      Cf-Ray:
      - 453d2bc42c58780e-LAX
    body:
      encoding: ASCII-8BIT
      string: |-
        {
          "_links": {
            "transaction": {
              "href": "https://horizon-testnet.stellar.org/transactions/70867aa49fc4a00a018b039cf807738f0017eeaaf77c7887749074df6820ee1b"
            }
          },
          "hash": "70867aa49fc4a00a018b039cf807738f0017eeaaf77c7887749074df6820ee1b",
          "ledger": 10842191,
          "envelope_xdr": "AAAAAMBqzCqzrOSD947DRdUVKwA3PBI6kJI9vkU9Qw0yW7EZAAAAZACJcrMAAABBAAAAAAAAAAAAAAABAAAAAAAAAAAAAAAAHzzoSfKWZ7xMYl5M7LVWC530lMNCdekzxNo4LajatTUAAAAAO5rKAAAAAAAAAAABMluxGQAAAED/Hbc9QOPRh88tBfYiltGd9K77AGFPqzLZFfoa1Rx6eFaCy0r9PhI66CUxB3J7lipsG7PD1bpNYUOKam65KzsJ",
          "result_xdr": "AAAAAAAAAGQAAAAAAAAAAQAAAAAAAAAAAAAAAAAAAAA=",
          "result_meta_xdr": "AAAAAQAAAAIAAAADAKVwTwAAAAAAAAAAwGrMKrOs5IP3jsNF1RUrADc8EjqQkj2+RT1DDTJbsRkAAAAUGRKSnACJcrMAAABAAAAAAAAAAAAAAAAAAAAAAAEAAAAAAAAAAAAAAAAAAAAAAAABAKVwTwAAAAAAAAAAwGrMKrOs5IP3jsNF1RUrADc8EjqQkj2+RT1DDTJbsRkAAAAUGRKSnACJcrMAAABBAAAAAAAAAAAAAAAAAAAAAAEAAAAAAAAAAAAAAAAAAAAAAAABAAAAAwAAAAAApXBPAAAAAAAAAAAfPOhJ8pZnvExiXkzstVYLnfSUw0J16TPE2jgtqNq1NQAAAAA7msoAAKVwTwAAAAAAAAAAAAAAAAAAAAAAAAAAAQAAAAAAAAAAAAAAAAAAAAAAAAMApXBPAAAAAAAAAADAaswqs6zkg/eOw0XVFSsANzwSOpCSPb5FPUMNMluxGQAAABQZEpKcAIlyswAAAEEAAAAAAAAAAAAAAAAAAAAAAQAAAAAAAAAAAAAAAAAAAAAAAAEApXBPAAAAAAAAAADAaswqs6zkg/eOw0XVFSsANzwSOpCSPb5FPUMNMluxGQAAABPdd8icAIlyswAAAEEAAAAAAAAAAAAAAAAAAAAAAQAAAAAAAAAAAAAAAAAAAA=="
        }
    http_version: 
  recorded_at: Sun, 02 Sep 2018 04:18:10 GMT
- request:
    method: get
    uri: https://horizon-testnet.stellar.org/accounts/[source_address]
    body:
      encoding: US-ASCII
      string: ''
    headers:
      User-Agent:
      - Faraday v0.15.2
      Accept:
      - application/hal+json,application/problem+json,application/json
  response:
    status:
      code: 200
      message: OK
    headers:
      Date:
      - Sun, 02 Sep 2018 04:18:11 GMT
      Content-Type:
      - application/hal+json; charset=utf-8
      Connection:
      - keep-alive
      Set-Cookie:
      - __cfduid=d136dd1cf23329520e9c919b6e428e78f1535861891; expires=Mon, 02-Sep-19
        04:18:11 GMT; path=/; domain=.stellar.org; HttpOnly
      Cache-Control:
      - no-cache, no-store, max-age=0
      Content-Disposition:
      - inline
      Vary:
      - Origin
      X-Ratelimit-Limit:
      - '17200'
      X-Ratelimit-Remaining:
      - '17166'
      X-Ratelimit-Reset:
      - '2083'
      Expect-Ct:
      - max-age=604800, report-uri="https://report-uri.cloudflare.com/cdn-cgi/beacon/expect-ct"
      Server:
      - cloudflare
      Cf-Ray:
      - 453d2bd60804780e-LAX
    body:
      encoding: ASCII-8BIT
      string: |-
        {
          "_links": {
            "self": {
              "href": "https://horizon-testnet.stellar.org/accounts/[source_address]"
            },
            "transactions": {
              "href": "https://horizon-testnet.stellar.org/accounts/[source_address]/transactions{?cursor,limit,order}",
              "templated": true
            },
            "operations": {
              "href": "https://horizon-testnet.stellar.org/accounts/[source_address]/operations{?cursor,limit,order}",
              "templated": true
            },
            "payments": {
              "href": "https://horizon-testnet.stellar.org/accounts/[source_address]/payments{?cursor,limit,order}",
              "templated": true
            },
            "effects": {
              "href": "https://horizon-testnet.stellar.org/accounts/[source_address]/effects{?cursor,limit,order}",
              "templated": true
            },
            "offers": {
              "href": "https://horizon-testnet.stellar.org/accounts/[source_address]/offers{?cursor,limit,order}",
              "templated": true
            },
            "trades": {
              "href": "https://horizon-testnet.stellar.org/accounts/[source_address]/trades{?cursor,limit,order}",
              "templated": true
            },
            "data": {
              "href": "https://horizon-testnet.stellar.org/accounts/[source_address]/data/{key}",
              "templated": true
            }
          },
          "id": "[source_address]",
          "paging_token": "",
          "account_id": "[source_address]",
          "sequence": "38688184934072385",
          "subentry_count": 0,
          "thresholds": {
            "low_threshold": 0,
            "med_threshold": 0,
            "high_threshold": 0
          },
          "flags": {
            "auth_required": false,
            "auth_revocable": false
          },
          "balances": [
            {
              "balance": "8531.9993500",
              "buying_liabilities": "0.0000000",
              "selling_liabilities": "0.0000000",
              "asset_type": "native"
            }
          ],
          "signers": [
            {
              "public_key": "[source_address]",
              "weight": 1,
              "key": "[source_address]",
              "type": "ed25519_public_key"
            }
          ],
          "data": {}
        }
    http_version: 
  recorded_at: Sun, 02 Sep 2018 04:18:11 GMT
- request:
    method: post
    uri: https://horizon-testnet.stellar.org/transactions
    body:
      encoding: UTF-8
      string: tx=AAAAAMBqzCqzrOSD947DRdUVKwA3PBI6kJI9vkU9Qw0yW7EZAAAAZACJcrMAAABCAAAAAAAAAAAAAAABAAAAAAAAAAEAAAAAHzzoSfKWZ7xMYl5M7LVWC530lMNCdekzxNo4LajatTUAAAAAAAAAAFloLwAAAAAAAAAAATJbsRkAAABAlS%2BFyfiHnqMB9nIgTgv3uP9UGvUthbZS9ubzcB9uqBy4vCzHfZ4NPCmdTsdZ90hZk0vj9qGk6SbJShPdSEodCA%3D%3D
    headers:
      User-Agent:
      - Faraday v0.15.2
      Accept:
      - application/hal+json,application/problem+json,application/json
      Content-Type:
      - application/x-www-form-urlencoded
  response:
    status:
      code: 200
      message: OK
    headers:
      Date:
      - Sun, 02 Sep 2018 04:18:14 GMT
      Content-Type:
      - application/hal+json; charset=utf-8
      Connection:
      - keep-alive
      Set-Cookie:
      - __cfduid=d5d70bfb224f0344d778a9e7d2ba473e81535861892; expires=Mon, 02-Sep-19
        04:18:12 GMT; path=/; domain=.stellar.org; HttpOnly
      Cache-Control:
      - no-cache, no-store, max-age=0
      Content-Disposition:
      - inline
      Vary:
      - Origin
      X-Ratelimit-Limit:
      - '17200'
      X-Ratelimit-Remaining:
      - '17165'
      X-Ratelimit-Reset:
      - '2081'
      Expect-Ct:
      - max-age=604800, report-uri="https://report-uri.cloudflare.com/cdn-cgi/beacon/expect-ct"
      Server:
      - cloudflare
      Cf-Ray:
      - 453d2bdda80176e8-LAX
    body:
      encoding: ASCII-8BIT
      string: |-
        {
          "_links": {
            "transaction": {
              "href": "https://horizon-testnet.stellar.org/transactions/ad5900ce48790e65ff9b8a40628731f4644a496ce565151f6f5c0da9971fbb33"
            }
          },
          "hash": "ad5900ce48790e65ff9b8a40628731f4644a496ce565151f6f5c0da9971fbb33",
          "ledger": 10842192,
          "envelope_xdr": "AAAAAMBqzCqzrOSD947DRdUVKwA3PBI6kJI9vkU9Qw0yW7EZAAAAZACJcrMAAABCAAAAAAAAAAAAAAABAAAAAAAAAAEAAAAAHzzoSfKWZ7xMYl5M7LVWC530lMNCdekzxNo4LajatTUAAAAAAAAAAFloLwAAAAAAAAAAATJbsRkAAABAlS+FyfiHnqMB9nIgTgv3uP9UGvUthbZS9ubzcB9uqBy4vCzHfZ4NPCmdTsdZ90hZk0vj9qGk6SbJShPdSEodCA==",
          "result_xdr": "AAAAAAAAAGQAAAAAAAAAAQAAAAAAAAABAAAAAAAAAAA=",
          "result_meta_xdr": "AAAAAQAAAAIAAAADAKVwUAAAAAAAAAAAwGrMKrOs5IP3jsNF1RUrADc8EjqQkj2+RT1DDTJbsRkAAAAT3XfIOACJcrMAAABBAAAAAAAAAAAAAAAAAAAAAAEAAAAAAAAAAAAAAAAAAAAAAAABAKVwUAAAAAAAAAAAwGrMKrOs5IP3jsNF1RUrADc8EjqQkj2+RT1DDTJbsRkAAAAT3XfIOACJcrMAAABCAAAAAAAAAAAAAAAAAAAAAAEAAAAAAAAAAAAAAAAAAAAAAAABAAAABAAAAAMApXBPAAAAAAAAAAAfPOhJ8pZnvExiXkzstVYLnfSUw0J16TPE2jgtqNq1NQAAAAA7msoAAKVwTwAAAAAAAAAAAAAAAAAAAAAAAAAAAQAAAAAAAAAAAAAAAAAAAAAAAAEApXBQAAAAAAAAAAAfPOhJ8pZnvExiXkzstVYLnfSUw0J16TPE2jgtqNq1NQAAAACVAvkAAKVwTwAAAAAAAAAAAAAAAAAAAAAAAAAAAQAAAAAAAAAAAAAAAAAAAAAAAAMApXBQAAAAAAAAAADAaswqs6zkg/eOw0XVFSsANzwSOpCSPb5FPUMNMluxGQAAABPdd8g4AIlyswAAAEIAAAAAAAAAAAAAAAAAAAAAAQAAAAAAAAAAAAAAAAAAAAAAAAEApXBQAAAAAAAAAADAaswqs6zkg/eOw0XVFSsANzwSOpCSPb5FPUMNMluxGQAAABOED5k4AIlyswAAAEIAAAAAAAAAAAAAAAAAAAAAAQAAAAAAAAAAAAAAAAAAAA=="
        }
    http_version: 
  recorded_at: Sun, 02 Sep 2018 04:18:15 GMT
- request:
    method: get
    uri: https://horizon-testnet.stellar.org/accounts/GAPTZ2CJ6KLGPPCMMJPEZ3FVKYFZ35EUYNBHL2JTYTNDQLNI3K2TLHKL
    body:
      encoding: US-ASCII
      string: ''
    headers:
      User-Agent:
      - Faraday v0.15.2
      Accept:
      - application/hal+json,application/problem+json,application/json
  response:
    status:
      code: 200
      message: OK
    headers:
      Date:
      - Sun, 02 Sep 2018 04:18:16 GMT
      Content-Type:
      - application/hal+json; charset=utf-8
      Connection:
      - keep-alive
      Set-Cookie:
      - __cfduid=d0e6c9bfe9bcd5e3d902f4a81b0b720a31535861896; expires=Mon, 02-Sep-19
        04:18:16 GMT; path=/; domain=.stellar.org; HttpOnly
      Cache-Control:
      - no-cache, no-store, max-age=0
      Content-Disposition:
      - inline
      Vary:
      - Origin
      X-Ratelimit-Limit:
      - '17200'
      X-Ratelimit-Remaining:
      - '17174'
      X-Ratelimit-Reset:
      - '2079'
      Expect-Ct:
      - max-age=604800, report-uri="https://report-uri.cloudflare.com/cdn-cgi/beacon/expect-ct"
      Server:
      - cloudflare
      Cf-Ray:
      - 453d2bf2cb5176e8-LAX
    body:
      encoding: ASCII-8BIT
      string: |-
        {
          "_links": {
            "self": {
              "href": "https://horizon-testnet.stellar.org/accounts/GAPTZ2CJ6KLGPPCMMJPEZ3FVKYFZ35EUYNBHL2JTYTNDQLNI3K2TLHKL"
            },
            "transactions": {
              "href": "https://horizon-testnet.stellar.org/accounts/GAPTZ2CJ6KLGPPCMMJPEZ3FVKYFZ35EUYNBHL2JTYTNDQLNI3K2TLHKL/transactions{?cursor,limit,order}",
              "templated": true
            },
            "operations": {
              "href": "https://horizon-testnet.stellar.org/accounts/GAPTZ2CJ6KLGPPCMMJPEZ3FVKYFZ35EUYNBHL2JTYTNDQLNI3K2TLHKL/operations{?cursor,limit,order}",
              "templated": true
            },
            "payments": {
              "href": "https://horizon-testnet.stellar.org/accounts/GAPTZ2CJ6KLGPPCMMJPEZ3FVKYFZ35EUYNBHL2JTYTNDQLNI3K2TLHKL/payments{?cursor,limit,order}",
              "templated": true
            },
            "effects": {
              "href": "https://horizon-testnet.stellar.org/accounts/GAPTZ2CJ6KLGPPCMMJPEZ3FVKYFZ35EUYNBHL2JTYTNDQLNI3K2TLHKL/effects{?cursor,limit,order}",
              "templated": true
            },
            "offers": {
              "href": "https://horizon-testnet.stellar.org/accounts/GAPTZ2CJ6KLGPPCMMJPEZ3FVKYFZ35EUYNBHL2JTYTNDQLNI3K2TLHKL/offers{?cursor,limit,order}",
              "templated": true
            },
            "trades": {
              "href": "https://horizon-testnet.stellar.org/accounts/GAPTZ2CJ6KLGPPCMMJPEZ3FVKYFZ35EUYNBHL2JTYTNDQLNI3K2TLHKL/trades{?cursor,limit,order}",
              "templated": true
            },
            "data": {
              "href": "https://horizon-testnet.stellar.org/accounts/GAPTZ2CJ6KLGPPCMMJPEZ3FVKYFZ35EUYNBHL2JTYTNDQLNI3K2TLHKL/data/{key}",
              "templated": true
            }
          },
          "id": "GAPTZ2CJ6KLGPPCMMJPEZ3FVKYFZ35EUYNBHL2JTYTNDQLNI3K2TLHKL",
          "paging_token": "",
          "account_id": "GAPTZ2CJ6KLGPPCMMJPEZ3FVKYFZ35EUYNBHL2JTYTNDQLNI3K2TLHKL",
          "sequence": "46566855761985536",
          "subentry_count": 0,
          "thresholds": {
            "low_threshold": 0,
            "med_threshold": 0,
            "high_threshold": 0
          },
          "flags": {
            "auth_required": false,
            "auth_revocable": false
          },
          "balances": [
            {
              "balance": "250.0000000",
              "buying_liabilities": "0.0000000",
              "selling_liabilities": "0.0000000",
              "asset_type": "native"
            }
          ],
          "signers": [
            {
              "public_key": "GAPTZ2CJ6KLGPPCMMJPEZ3FVKYFZ35EUYNBHL2JTYTNDQLNI3K2TLHKL",
              "weight": 1,
              "key": "GAPTZ2CJ6KLGPPCMMJPEZ3FVKYFZ35EUYNBHL2JTYTNDQLNI3K2TLHKL",
              "type": "ed25519_public_key"
            }
          ],
          "data": {}
        }
    http_version: 
  recorded_at: Sun, 02 Sep 2018 04:18:16 GMT
recorded_with: VCR 4.0.0
